[1769434576.57][2026-01-26 13:36:16][ee99a761cd2a][1][Cronicle][debug][2][Cronicle v0.9.80 Starting Up][{"pid":1,"ppid":0,"node":"v18.20.8","arch":"arm64","platform":"linux","argv":["/usr/local/bin/node","/opt/cronicle/bin/docker-entrypoint.js"],"execArgv":[]}]
[1769434576.572][2026-01-26 13:36:16][main][1][Cronicle][debug][2][Server Info:][{"hostname":"main","ip":"172.18.0.2","daemon":false}]
[1769434576.572][2026-01-26 13:36:16][main][1][Cronicle][debug][3][Starting component: Storage][]
[1769434576.574][2026-01-26 13:36:16][main][1][Cronicle][debug][3][Starting component: WebServer][]
[1769434576.577][2026-01-26 13:36:16][main][1][Cronicle][debug][3][Starting component: API][]
[1769434576.578][2026-01-26 13:36:16][main][1][Cronicle][debug][3][Starting component: User][]
[1769434576.579][2026-01-26 13:36:16][main][1][Cronicle][debug][3][Starting component: Cronicle][]
[1769434576.579][2026-01-26 13:36:16][main][1][Cronicle][debug][3][Cronicle engine starting up][]
[1769434576.582][2026-01-26 13:36:16][main][1][Cronicle][debug][4][Using broadcast IP: 172.18.255.255][]
[1769434576.582][2026-01-26 13:36:16][main][1][Cronicle][debug][4][Starting UDP server on port: 3014][]
[1769434576.583][2026-01-26 13:36:16][main][1][Cronicle][debug][3][We are becoming the master server][]
[1769434576.592][2026-01-26 13:36:16][main][1][Cronicle][debug][4][Looking for leftover job JSON files: logs/jobs/*.json][]
[1769434576.596][2026-01-26 13:36:16][main][1][Cronicle][debug][4][Looking for leftover job logs: logs/jobs/*.log][]
[1769434576.6][2026-01-26 13:36:16][main][1][Cronicle][debug][4][Server is eligible to become master (Primary Group)][]
[1769434576.6][2026-01-26 13:36:16][main][1][Cronicle][debug][2][Startup complete, entering main loop][]
[1769434587.109][2026-01-26 13:36:27][main][1][Cronicle][debug][5][New socket.io client connected: DlLzlSUP_dy0YFOpAAAB (IP: ::ffff:192.168.65.1)][]
[1769434620.023][2026-01-26 13:37:00][main][1][Cronicle][debug][4][Scheduler Minute Tick: Advancing time up to: 2026/01/26 13:37:00][]
[1769434673.894][2026-01-26 13:37:53][main][1][Cronicle][debug][4][Socket client DlLzlSUP_dy0YFOpAAAB has authenticated via user session (IP: ::ffff:192.168.65.1)][]
[1769434680.09][2026-01-26 13:38:00][main][1][Cronicle][debug][4][Scheduler Minute Tick: Advancing time up to: 2026/01/26 13:38:00][]
[1769434740.019][2026-01-26 13:39:00][main][1][Cronicle][debug][4][Scheduler Minute Tick: Advancing time up to: 2026/01/26 13:39:00][]
[1769434800.028][2026-01-26 13:40:00][main][1][Cronicle][debug][4][Scheduler Minute Tick: Advancing time up to: 2026/01/26 13:40:00][]
[1769434860.038][2026-01-26 13:41:00][main][1][Cronicle][debug][4][Scheduler Minute Tick: Advancing time up to: 2026/01/26 13:41:00][]
[1769434920.023][2026-01-26 13:42:00][main][1][Cronicle][debug][4][Scheduler Minute Tick: Advancing time up to: 2026/01/26 13:42:00][]
[1769434980.08][2026-01-26 13:43:00][main][1][Cronicle][debug][4][Scheduler Minute Tick: Advancing time up to: 2026/01/26 13:43:00][]
[1769435040.01][2026-01-26 13:44:00][main][1][Cronicle][debug][4][Scheduler Minute Tick: Advancing time up to: 2026/01/26 13:44:00][]
[1769435100.032][2026-01-26 13:45:00][main][1][Cronicle][debug][4][Scheduler Minute Tick: Advancing time up to: 2026/01/26 13:45:00][]
[1769435160.04][2026-01-26 13:46:00][main][1][Cronicle][debug][4][Scheduler Minute Tick: Advancing time up to: 2026/01/26 13:46:00][]
[1769435220.075][2026-01-26 13:47:00][main][1][Cronicle][debug][4][Scheduler Minute Tick: Advancing time up to: 2026/01/26 13:47:00][]
[1769435280.061][2026-01-26 13:48:00][main][1][Cronicle][debug][4][Scheduler Minute Tick: Advancing time up to: 2026/01/26 13:48:00][]
[1769435340.053][2026-01-26 13:49:00][main][1][Cronicle][debug][4][Scheduler Minute Tick: Advancing time up to: 2026/01/26 13:49:00][]
[1769435400.077][2026-01-26 13:50:00][main][1][Cronicle][debug][4][Scheduler Minute Tick: Advancing time up to: 2026/01/26 13:50:00][]
[1769435460.006][2026-01-26 13:51:00][main][1][Cronicle][debug][4][Scheduler Minute Tick: Advancing time up to: 2026/01/26 13:51:00][]
[1769435520.027][2026-01-26 13:52:00][main][1][Cronicle][debug][4][Scheduler Minute Tick: Advancing time up to: 2026/01/26 13:52:00][]
[1769435580.08][2026-01-26 13:53:00][main][1][Cronicle][debug][4][Scheduler Minute Tick: Advancing time up to: 2026/01/26 13:53:00][]
[1769435640.009][2026-01-26 13:54:00][main][1][Cronicle][debug][4][Scheduler Minute Tick: Advancing time up to: 2026/01/26 13:54:00][]
[1769435700.084][2026-01-26 13:55:00][main][1][Cronicle][debug][4][Scheduler Minute Tick: Advancing time up to: 2026/01/26 13:55:00][]
[1769435760.027][2026-01-26 13:56:00][main][1][Cronicle][debug][4][Scheduler Minute Tick: Advancing time up to: 2026/01/26 13:56:00][]
[1769435820.031][2026-01-26 13:57:00][main][1][Cronicle][debug][4][Scheduler Minute Tick: Advancing time up to: 2026/01/26 13:57:00][]
[1769435877.659][2026-01-26 13:57:57][main][1][Cronicle][debug][5][Socket.io client disconnected: DlLzlSUP_dy0YFOpAAAB (IP: ::ffff:192.168.65.1)][]
[1769435877.746][2026-01-26 13:57:57][main][1][Cronicle][debug][5][New socket.io client connected: UGsrR-0v1AzCGU2OAAAD (IP: ::ffff:192.168.65.1)][]
[1769435877.751][2026-01-26 13:57:57][main][1][Cronicle][debug][4][Socket client UGsrR-0v1AzCGU2OAAAD has authenticated via user session (IP: ::ffff:192.168.65.1)][]
[1769435877.761][2026-01-26 13:57:57][main][1][Cronicle][debug][4][Socket client UGsrR-0v1AzCGU2OAAAD has authenticated via user session (IP: ::ffff:192.168.65.1)][]
[1769435880.099][2026-01-26 13:58:00][main][1][Cronicle][debug][4][Scheduler Minute Tick: Advancing time up to: 2026/01/26 13:58:00][]
[1769435892.941][2026-01-26 13:58:12][main][1][Cronicle][debug][2][Caught SIGTERM][]
[1769435892.943][2026-01-26 13:58:12][main][1][Cronicle][debug][2][Shutting down][]
[1769435892.943][2026-01-26 13:58:12][main][1][Cronicle][debug][3][Stopping component: Cronicle][]
[1769435892.944][2026-01-26 13:58:12][main][1][Cronicle][debug][2][Shutting down Cronicle][]
[1769435892.944][2026-01-26 13:58:12][main][1][Cronicle][debug][5][Socket.io client disconnected: UGsrR-0v1AzCGU2OAAAD (IP: ::ffff:192.168.65.1)][]
[1769435892.945][2026-01-26 13:58:12][main][1][Cronicle][debug][3][Shutting down UDP server][]
[1769435892.946][2026-01-26 13:58:12][main][1][Cronicle][debug][3][Stopping component: User][]
[1769435892.946][2026-01-26 13:58:12][main][1][Cronicle][debug][3][Stopping component: API][]
[1769435892.946][2026-01-26 13:58:12][main][1][Cronicle][debug][3][Stopping component: WebServer][]
[1769435892.947][2026-01-26 13:58:12][main][1][Cronicle][debug][3][Stopping component: Storage][]
[1769435892.947][2026-01-26 13:58:12][main][1][Cronicle][debug][2][Shutdown complete, exiting][]
