[1769434576.572][2026-01-26 13:36:16][main][1][Storage][debug][5][Setting up storage system v3.2.5][]
[1769434576.595][2026-01-26 13:36:16][main][1][Storage][debug][5][Beginning new transaction on: logs/activity][{"id":"1","path":"logs/activity","log":"data/_transactions/logs/1-1.log","date":1769434576.595,"pid":1}]
[1769434576.597][2026-01-26 13:36:16][main][1][Storage][transaction][get][global/servers][{"elapsed_ms":5.213}]
[1769434576.597][2026-01-26 13:36:16][main][1][Storage][transaction][get][global/servers][{"elapsed_ms":3.628}]
[1769434576.597][2026-01-26 13:36:16][main][1][Storage][transaction][get][global/schedule][{"elapsed_ms":1.56}]
[1769434576.598][2026-01-26 13:36:16][main][1][Storage][debug][5][Committing transaction: 1][{"path":"logs/activity","actions":2}]
[1769434576.598][2026-01-26 13:36:16][main][1][Storage][transaction][get][global/servers/0][{"elapsed_ms":0.93}]
[1769434576.598][2026-01-26 13:36:16][main][1][Storage][transaction][get][global/servers/0][{"elapsed_ms":1.452}]
[1769434576.599][2026-01-26 13:36:16][main][1][Storage][transaction][get][global/schedule/0][{"elapsed_ms":1.172}]
[1769434576.599][2026-01-26 13:36:16][main][1][Storage][transaction][get][global/server_groups][{"elapsed_ms":0.752}]
[1769434576.6][2026-01-26 13:36:16][main][1][Storage][transaction][get][global/server_groups/0][{"elapsed_ms":0.457}]
[1769434576.601][2026-01-26 13:36:16][main][1][Storage][transaction][put][logs/activity][{"elapsed_ms":1.347}]
[1769434576.602][2026-01-26 13:36:16][main][1][Storage][transaction][put][logs/activity/0][{"elapsed_ms":1.53}]
[1769434576.602][2026-01-26 13:36:16][main][1][Storage][debug][5][Transaction committed successfully: 1][{"path":"logs/activity","actions":2}]
[1769434620.027][2026-01-26 13:37:00][main][1][Storage][transaction][put][global/state][{"elapsed_ms":2.793}]
[1769434673.681][2026-01-26 13:37:53][main][1][Storage][transaction][get][users/admin][{"elapsed_ms":2.931}]
[1769434673.881][2026-01-26 13:37:53][main][1][Storage][transaction][get][global/plugins][{"elapsed_ms":2.132}]
[1769434673.882][2026-01-26 13:37:53][main][1][Storage][transaction][get][global/categories][{"elapsed_ms":2.673}]
[1769434673.882][2026-01-26 13:37:53][main][1][Storage][transaction][get][global/plugins/0][{"elapsed_ms":0.733}]
[1769434673.883][2026-01-26 13:37:53][main][1][Storage][transaction][get][global/categories/0][{"elapsed_ms":0.859}]
[1769434673.885][2026-01-26 13:37:53][main][1][Storage][transaction][put][sessions/5891125e5cec8cac19669fb3f0a8acb49d5b3d965bc795c826d4c8aa3aaaad5f][{"elapsed_ms":1.651}]
[1769434673.886][2026-01-26 13:37:53][main][1][Storage][debug][5][Beginning new transaction on: _cleanup/2026/02/25][{"id":"2","path":"_cleanup/2026/02/25","log":"data/_transactions/logs/1-2.log","date":1769434673.886,"pid":1}]
[1769434673.887][2026-01-26 13:37:53][main][1][Storage][debug][5][Beginning new transaction on: logs/activity][{"id":"3","path":"logs/activity","log":"data/_transactions/logs/1-3.log","date":1769434673.887,"pid":1}]
[1769434673.888][2026-01-26 13:37:53][main][1][Storage][debug][5][Committing transaction: 2][{"path":"_cleanup/2026/02/25","actions":2}]
[1769434673.888][2026-01-26 13:37:53][main][1][Storage][transaction][get][logs/activity][{"elapsed_ms":1.603}]
[1769434673.889][2026-01-26 13:37:53][main][1][Storage][transaction][get][logs/activity/0][{"elapsed_ms":0.808}]
[1769434673.89][2026-01-26 13:37:53][main][1][Storage][debug][5][Committing transaction: 3][{"path":"logs/activity","actions":2}]
[1769434673.891][2026-01-26 13:37:53][main][1][Storage][transaction][get][logs/activity/0][{"elapsed_ms":0.955}]
[1769434673.892][2026-01-26 13:37:53][main][1][Storage][transaction][get][logs/activity][{"elapsed_ms":1.611}]
[1769434673.893][2026-01-26 13:37:53][main][1][Storage][transaction][get][sessions/5891125e5cec8cac19669fb3f0a8acb49d5b3d965bc795c826d4c8aa3aaaad5f][{"elapsed_ms":1.811}]
[1769434673.896][2026-01-26 13:37:53][main][1][Storage][transaction][put][_cleanup/2026/02/25][{"elapsed_ms":5.746}]
[1769434673.897][2026-01-26 13:37:53][main][1][Storage][transaction][put][logs/activity/0][{"elapsed_ms":2.032}]
[1769434673.897][2026-01-26 13:37:53][main][1][Storage][transaction][put][logs/activity][{"elapsed_ms":2.361}]
[1769434673.898][2026-01-26 13:37:53][main][1][Storage][debug][5][Transaction committed successfully: 3][{"path":"logs/activity","actions":2}]
[1769434673.898][2026-01-26 13:37:53][main][1][Storage][transaction][put][_cleanup/2026/02/25/0][{"elapsed_ms":7.609}]
[1769434673.898][2026-01-26 13:37:53][main][1][Storage][debug][5][Transaction committed successfully: 2][{"path":"_cleanup/2026/02/25","actions":2}]
[1769434673.899][2026-01-26 13:37:53][main][1][Storage][transaction][expire_set][sessions/5891125e5cec8cac19669fb3f0a8acb49d5b3d965bc795c826d4c8aa3aaaad5f][{"epoch":1771977600,"yyyy_mm_dd":"2026/02/25","list_path":"_cleanup/2026/02/25"}]
[1769434680.098][2026-01-26 13:38:00][main][1][Storage][transaction][put][global/state][{"elapsed_ms":4.158}]
[1769434740.024][2026-01-26 13:39:00][main][1][Storage][transaction][put][global/state][{"elapsed_ms":3.052}]
[1769434800.035][2026-01-26 13:40:00][main][1][Storage][transaction][put][global/state][{"elapsed_ms":4.226}]
[1769434860.042][2026-01-26 13:41:00][main][1][Storage][transaction][put][global/state][{"elapsed_ms":1.783}]
[1769434920.027][2026-01-26 13:42:00][main][1][Storage][transaction][put][global/state][{"elapsed_ms":2.774}]
[1769434980.084][2026-01-26 13:43:00][main][1][Storage][transaction][put][global/state][{"elapsed_ms":3.396}]
[1769435040.014][2026-01-26 13:44:00][main][1][Storage][transaction][put][global/state][{"elapsed_ms":2.526}]
[1769435100.036][2026-01-26 13:45:00][main][1][Storage][transaction][put][global/state][{"elapsed_ms":1.962}]
[1769435160.044][2026-01-26 13:46:00][main][1][Storage][transaction][put][global/state][{"elapsed_ms":2.908}]
[1769435220.081][2026-01-26 13:47:00][main][1][Storage][transaction][put][global/state][{"elapsed_ms":3.954}]
[1769435280.068][2026-01-26 13:48:00][main][1][Storage][transaction][put][global/state][{"elapsed_ms":3.68}]
[1769435340.06][2026-01-26 13:49:00][main][1][Storage][transaction][put][global/state][{"elapsed_ms":3.781}]
[1769435400.084][2026-01-26 13:50:00][main][1][Storage][transaction][put][global/state][{"elapsed_ms":3.902}]
[1769435460.013][2026-01-26 13:51:00][main][1][Storage][transaction][put][global/state][{"elapsed_ms":3.988}]
[1769435520.033][2026-01-26 13:52:00][main][1][Storage][transaction][put][global/state][{"elapsed_ms":3.71}]
[1769435580.086][2026-01-26 13:53:00][main][1][Storage][transaction][put][global/state][{"elapsed_ms":2.862}]
[1769435640.015][2026-01-26 13:54:00][main][1][Storage][transaction][put][global/state][{"elapsed_ms":2.123}]
[1769435700.09][2026-01-26 13:55:00][main][1][Storage][transaction][put][global/state][{"elapsed_ms":3.336}]
[1769435760.032][2026-01-26 13:56:00][main][1][Storage][transaction][put][global/state][{"elapsed_ms":2.4}]
[1769435820.037][2026-01-26 13:57:00][main][1][Storage][transaction][put][global/state][{"elapsed_ms":3.087}]
[1769435842.766][2026-01-26 13:57:22][main][1][Storage][transaction][get][sessions/5891125e5cec8cac19669fb3f0a8acb49d5b3d965bc795c826d4c8aa3aaaad5f][{"elapsed_ms":1.421}]
[1769435842.768][2026-01-26 13:57:22][main][1][Storage][transaction][get][users/admin][{"elapsed_ms":0.78}]
[1769435842.769][2026-01-26 13:57:22][main][1][Storage][debug][5][Beginning new transaction on: global/schedule][{"id":"4","path":"global/schedule","log":"data/_transactions/logs/1-4.log","date":1769435842.769,"pid":1}]
[1769435842.77][2026-01-26 13:57:22][main][1][Storage][debug][5][Committing transaction: 4][{"path":"global/schedule","actions":2}]
[1769435842.775][2026-01-26 13:57:22][main][1][Storage][transaction][put][global/schedule][{"elapsed_ms":2.254}]
[1769435842.775][2026-01-26 13:57:22][main][1][Storage][transaction][put][global/schedule/0][{"elapsed_ms":3.139}]
[1769435842.776][2026-01-26 13:57:22][main][1][Storage][debug][5][Transaction committed successfully: 4][{"path":"global/schedule","actions":2}]
[1769435842.778][2026-01-26 13:57:22][main][1][Storage][debug][5][Beginning new transaction on: logs/activity][{"id":"5","path":"logs/activity","log":"data/_transactions/logs/1-5.log","date":1769435842.778,"pid":1}]
[1769435842.78][2026-01-26 13:57:22][main][1][Storage][transaction][get][logs/activity][{"elapsed_ms":1.851}]
[1769435842.782][2026-01-26 13:57:22][main][1][Storage][transaction][get][logs/activity/0][{"elapsed_ms":1.195}]
[1769435842.783][2026-01-26 13:57:22][main][1][Storage][debug][5][Committing transaction: 5][{"path":"logs/activity","actions":2}]
[1769435842.784][2026-01-26 13:57:22][main][1][Storage][transaction][get][logs/activity/0][{"elapsed_ms":0.515}]
[1769435842.785][2026-01-26 13:57:22][main][1][Storage][transaction][get][logs/activity][{"elapsed_ms":0.816}]
[1769435842.788][2026-01-26 13:57:22][main][1][Storage][transaction][put][logs/activity/0][{"elapsed_ms":1.623}]
[1769435842.788][2026-01-26 13:57:22][main][1][Storage][transaction][put][logs/activity][{"elapsed_ms":2.062}]
[1769435842.789][2026-01-26 13:57:22][main][1][Storage][debug][5][Transaction committed successfully: 5][{"path":"logs/activity","actions":2}]
[1769435850.428][2026-01-26 13:57:30][main][1][Storage][transaction][get][sessions/5891125e5cec8cac19669fb3f0a8acb49d5b3d965bc795c826d4c8aa3aaaad5f][{"elapsed_ms":1.303}]
[1769435850.433][2026-01-26 13:57:30][main][1][Storage][transaction][get][users/admin][{"elapsed_ms":3.727}]
[1769435850.435][2026-01-26 13:57:30][main][1][Storage][debug][5][Beginning new transaction on: global/schedule][{"id":"6","path":"global/schedule","log":"data/_transactions/logs/1-6.log","date":1769435850.435,"pid":1}]
[1769435850.436][2026-01-26 13:57:30][main][1][Storage][debug][5][Committing transaction: 6][{"path":"global/schedule","actions":2}]
[1769435850.44][2026-01-26 13:57:30][main][1][Storage][transaction][put][global/schedule][{"elapsed_ms":1.586}]
[1769435850.44][2026-01-26 13:57:30][main][1][Storage][transaction][put][global/schedule/0][{"elapsed_ms":2.246}]
[1769435850.441][2026-01-26 13:57:30][main][1][Storage][debug][5][Transaction committed successfully: 6][{"path":"global/schedule","actions":2}]
[1769435850.443][2026-01-26 13:57:30][main][1][Storage][debug][5][Beginning new transaction on: logs/activity][{"id":"7","path":"logs/activity","log":"data/_transactions/logs/1-7.log","date":1769435850.443,"pid":1}]
[1769435850.445][2026-01-26 13:57:30][main][1][Storage][transaction][get][logs/activity][{"elapsed_ms":1.552}]
[1769435850.446][2026-01-26 13:57:30][main][1][Storage][transaction][get][logs/activity/0][{"elapsed_ms":0.807}]
[1769435850.447][2026-01-26 13:57:30][main][1][Storage][debug][5][Committing transaction: 7][{"path":"logs/activity","actions":2}]
[1769435850.449][2026-01-26 13:57:30][main][1][Storage][transaction][get][logs/activity/0][{"elapsed_ms":0.412}]
[1769435850.449][2026-01-26 13:57:30][main][1][Storage][transaction][get][logs/activity][{"elapsed_ms":0.726}]
[1769435850.451][2026-01-26 13:57:30][main][1][Storage][transaction][put][logs/activity/0][{"elapsed_ms":1.291}]
[1769435850.452][2026-01-26 13:57:30][main][1][Storage][transaction][put][logs/activity][{"elapsed_ms":1.67}]
[1769435850.452][2026-01-26 13:57:30][main][1][Storage][debug][5][Transaction committed successfully: 7][{"path":"logs/activity","actions":2}]
[1769435851.99][2026-01-26 13:57:31][main][1][Storage][transaction][get][sessions/5891125e5cec8cac19669fb3f0a8acb49d5b3d965bc795c826d4c8aa3aaaad5f][{"elapsed_ms":1.124}]
[1769435851.992][2026-01-26 13:57:31][main][1][Storage][transaction][get][users/admin][{"elapsed_ms":0.88}]
[1769435851.993][2026-01-26 13:57:31][main][1][Storage][debug][5][Beginning new transaction on: global/schedule][{"id":"8","path":"global/schedule","log":"data/_transactions/logs/1-8.log","date":1769435851.993,"pid":1}]
[1769435851.994][2026-01-26 13:57:31][main][1][Storage][debug][5][Committing transaction: 8][{"path":"global/schedule","actions":2}]
[1769435851.999][2026-01-26 13:57:31][main][1][Storage][transaction][put][global/schedule/0][{"elapsed_ms":1.644}]
[1769435852][2026-01-26 13:57:32][main][1][Storage][transaction][put][global/schedule][{"elapsed_ms":2.057}]
[1769435852][2026-01-26 13:57:32][main][1][Storage][debug][5][Transaction committed successfully: 8][{"path":"global/schedule","actions":2}]
[1769435852.004][2026-01-26 13:57:32][main][1][Storage][debug][5][Beginning new transaction on: logs/activity][{"id":"9","path":"logs/activity","log":"data/_transactions/logs/1-9.log","date":1769435852.004,"pid":1}]
[1769435852.006][2026-01-26 13:57:32][main][1][Storage][transaction][get][logs/activity][{"elapsed_ms":1.25}]
[1769435852.007][2026-01-26 13:57:32][main][1][Storage][transaction][get][logs/activity/0][{"elapsed_ms":0.992}]
[1769435852.008][2026-01-26 13:57:32][main][1][Storage][debug][5][Committing transaction: 9][{"path":"logs/activity","actions":2}]
[1769435852.009][2026-01-26 13:57:32][main][1][Storage][transaction][get][logs/activity][{"elapsed_ms":0.262}]
[1769435852.009][2026-01-26 13:57:32][main][1][Storage][transaction][get][logs/activity/0][{"elapsed_ms":0.699}]
[1769435852.012][2026-01-26 13:57:32][main][1][Storage][transaction][put][logs/activity/0][{"elapsed_ms":1.181}]
[1769435852.012][2026-01-26 13:57:32][main][1][Storage][transaction][put][logs/activity][{"elapsed_ms":1.426}]
[1769435852.012][2026-01-26 13:57:32][main][1][Storage][debug][5][Transaction committed successfully: 9][{"path":"logs/activity","actions":2}]
[1769435863.693][2026-01-26 13:57:43][main][1][Storage][transaction][get][sessions/5891125e5cec8cac19669fb3f0a8acb49d5b3d965bc795c826d4c8aa3aaaad5f][{"elapsed_ms":0.771}]
[1769435863.696][2026-01-26 13:57:43][main][1][Storage][transaction][get][users/admin][{"elapsed_ms":1.102}]
[1769435863.697][2026-01-26 13:57:43][main][1][Storage][transaction][get][logs/activity][{"elapsed_ms":0.84}]
[1769435863.699][2026-01-26 13:57:43][main][1][Storage][transaction][get][logs/activity/0][{"elapsed_ms":0.864}]
[1769435866.093][2026-01-26 13:57:46][main][1][Storage][transaction][get][sessions/5891125e5cec8cac19669fb3f0a8acb49d5b3d965bc795c826d4c8aa3aaaad5f][{"elapsed_ms":0.673}]
[1769435866.095][2026-01-26 13:57:46][main][1][Storage][transaction][get][users/admin][{"elapsed_ms":0.569}]
[1769435866.096][2026-01-26 13:57:46][main][1][Storage][transaction][get][global/api_keys][{"elapsed_ms":0.914}]
[1769435866.097][2026-01-26 13:57:46][main][1][Storage][transaction][get][global/api_keys/0][{"elapsed_ms":0.715}]
[1769435867.081][2026-01-26 13:57:47][main][1][Storage][transaction][get][sessions/5891125e5cec8cac19669fb3f0a8acb49d5b3d965bc795c826d4c8aa3aaaad5f][{"elapsed_ms":0.759}]
[1769435867.082][2026-01-26 13:57:47][main][1][Storage][transaction][get][users/admin][{"elapsed_ms":0.547}]
[1769435867.084][2026-01-26 13:57:47][main][1][Storage][transaction][get][logs/activity][{"elapsed_ms":1.136}]
[1769435867.085][2026-01-26 13:57:47][main][1][Storage][transaction][get][logs/activity/0][{"elapsed_ms":0.662}]
[1769435867.703][2026-01-26 13:57:47][main][1][Storage][transaction][get][sessions/5891125e5cec8cac19669fb3f0a8acb49d5b3d965bc795c826d4c8aa3aaaad5f][{"elapsed_ms":1.098}]
[1769435867.705][2026-01-26 13:57:47][main][1][Storage][transaction][get][users/admin][{"elapsed_ms":1.057}]
[1769435877.749][2026-01-26 13:57:57][main][1][Storage][transaction][get][sessions/5891125e5cec8cac19669fb3f0a8acb49d5b3d965bc795c826d4c8aa3aaaad5f][{"elapsed_ms":0.893}]
[1769435877.754][2026-01-26 13:57:57][main][1][Storage][transaction][get][sessions/5891125e5cec8cac19669fb3f0a8acb49d5b3d965bc795c826d4c8aa3aaaad5f][{"elapsed_ms":0.722}]
[1769435877.755][2026-01-26 13:57:57][main][1][Storage][transaction][get][users/admin][{"elapsed_ms":0.508}]
[1769435877.756][2026-01-26 13:57:57][main][1][Storage][transaction][put][sessions/5891125e5cec8cac19669fb3f0a8acb49d5b3d965bc795c826d4c8aa3aaaad5f][{"elapsed_ms":0.886}]
[1769435877.761][2026-01-26 13:57:57][main][1][Storage][transaction][get][sessions/5891125e5cec8cac19669fb3f0a8acb49d5b3d965bc795c826d4c8aa3aaaad5f][{"elapsed_ms":0.481}]
[1769435880.108][2026-01-26 13:58:00][main][1][Storage][transaction][put][global/state][{"elapsed_ms":3.023}]
[1769435892.945][2026-01-26 13:58:12][main][1][Storage][transaction][put][global/state][{"elapsed_ms":0.676}]
[1769435892.947][2026-01-26 13:58:12][main][1][Storage][debug][2][Shutting down storage system][]
